// Jest Snapshot v1, https://goo.gl/fbAQLP

exports[`renders a Footer by default 1`] = `
<Footer__FooterContainer>
  <Footer__FooterContentContainer
    mobile={false}
  >
    <div
      style={
        Object {
          "color": "rgb(40, 199, 145)",
          "fontWeight": 500,
        }
      }
    >
      Stock Dash
      <Footer__FooterSeparator>
        |
      </Footer__FooterSeparator>
      Created by 
      <i>
        Zack 2020
      </i>
    </div>
    <MobileOnly>
      <br />
    </MobileOnly>
    <div>
      <a
        href="https://github.com/Altzack"
        style={
          Object {
            "color": "rgb(40, 199, 145)",
          }
        }
      >
        <FaGithub
          size="25px"
          style={
            Object {
              "marginRight": 15,
            }
          }
        />
      </a>
      <a
        href="https://www.linkedin.com/in/zack-altschuler"
        style={
          Object {
            "color": "rgb(40, 199, 145)",
          }
        }
      >
        <FaLinkedin
          size="25px"
          style={
            Object {
              "marginRight": 15,
            }
          }
        />
      </a>
      <a
        href="mailto:altschulerzack@yahoo.com"
        style={
          Object {
            "color": "rgb(40, 199, 145)",
          }
        }
      >
        <FaTelegramPlane
          size="25px"
          style={
            Object {
              "marginRight": 15,
            }
          }
        />
      </a>
    </div>
  </Footer__FooterContentContainer>
</Footer__FooterContainer>
`;
