// Jest Snapshot v1, https://goo.gl/fbAQLP

exports[`renders a About by default 1`] = `
<div>
  about
</div>
`;
