// Jest Snapshot v1, https://goo.gl/fbAQLP

exports[`renders a WatchlistItem by default 1`] = `<Fragment />`;
